=/pretest.json
{
  _: [],
  f: [
    '/home/runner/work/exp-tries-and-suffix-iiith/exp-tries-and-suffix-iiith/experiment/pretest.json'
  ],
  files: [
    '/home/runner/work/exp-tries-and-suffix-iiith/exp-tries-and-suffix-iiith/experiment/pretest.json'
  ],
  c: 'assessment',
  contentTypes: 'assessment',
  'content-types': 'assessment',
  '$0': 'validate'
}
/questions/0: must have required property 'difficulty'

/questions/1: must have required property 'difficulty'

/questions/2: must have required property 'difficulty'

/questions/3: must have required property 'difficulty'

Json Error: must match "then" schema
Json Error: must match "then" schema
Failed while validating /home/runner/work/exp-tries-and-suffix-iiith/exp-tries-and-suffix-iiith/experiment/pretest.json
Error: Schema is Invalid
=/searching-in-tries/searching-in-tries-quiz.json
{
  _: [],
  f: [
    '/home/runner/work/exp-tries-and-suffix-iiith/exp-tries-and-suffix-iiith/experiment/searching-in-tries/searching-in-tries-quiz.json'
  ],
  files: [
    '/home/runner/work/exp-tries-and-suffix-iiith/exp-tries-and-suffix-iiith/experiment/searching-in-tries/searching-in-tries-quiz.json'
  ],
  c: 'assessment',
  contentTypes: 'assessment',
  'content-types': 'assessment',
  '$0': 'validate'
}
/questions/0: must have required property 'difficulty'

/questions/1: must have required property 'difficulty'

/questions/2: must have required property 'difficulty'

Json Error: must match "then" schema
Json Error: must match "then" schema
Failed while validating /home/runner/work/exp-tries-and-suffix-iiith/exp-tries-and-suffix-iiith/experiment/searching-in-tries/searching-in-tries-quiz.json
Error: Schema is Invalid
=/inserting-into-tries/insertion-in-tries-quiz.json
{
  _: [],
  f: [
    '/home/runner/work/exp-tries-and-suffix-iiith/exp-tries-and-suffix-iiith/experiment/inserting-into-tries/insertion-in-tries-quiz.json'
  ],
  files: [
    '/home/runner/work/exp-tries-and-suffix-iiith/exp-tries-and-suffix-iiith/experiment/inserting-into-tries/insertion-in-tries-quiz.json'
  ],
  c: 'assessment',
  contentTypes: 'assessment',
  'content-types': 'assessment',
  '$0': 'validate'
}
/questions/0: must have required property 'difficulty'

/questions/1: must have required property 'difficulty'

/questions/2: must have required property 'difficulty'

Json Error: must match "then" schema
Json Error: must match "then" schema
Failed while validating /home/runner/work/exp-tries-and-suffix-iiith/exp-tries-and-suffix-iiith/experiment/inserting-into-tries/insertion-in-tries-quiz.json
Error: Schema is Invalid
=/posttest.json
{
  _: [],
  f: [
    '/home/runner/work/exp-tries-and-suffix-iiith/exp-tries-and-suffix-iiith/experiment/posttest.json'
  ],
  files: [
    '/home/runner/work/exp-tries-and-suffix-iiith/exp-tries-and-suffix-iiith/experiment/posttest.json'
  ],
  c: 'assessment',
  contentTypes: 'assessment',
  'content-types': 'assessment',
  '$0': 'validate'
}
/questions/0: must have required property 'difficulty'

/questions/1: must have required property 'difficulty'

/questions/2: must have required property 'difficulty'

/questions/3: must have required property 'difficulty'

Json Error: must match "then" schema
Json Error: must match "then" schema
Failed while validating /home/runner/work/exp-tries-and-suffix-iiith/exp-tries-and-suffix-iiith/experiment/posttest.json
Error: Schema is Invalid
